node : Could not find 'backend/tests/'
At line:1 char:1
+ node --test backend/tests/ 2>&1 | Out-File -FilePath test_output.txt; ...
+ ~~~~~~~~~~~~~~~~~~~~~~~~~~~~~~~
    + CategoryInfo          : NotSpecified: (Could not find 'backend/tests/':S 
   tring) [], RemoteException
    + FullyQualifiedErrorId : NativeCommandError
 
